// Vitest Snapshot v1

exports[`WebdriverIO module interface attach attaches 1`] = `
Object {
  "capabilities": Object {
    "browserName": "chrome",
    "platformName": "MacOS",
  },
  "options": Object {},
  "requestedCapabilities": Object {
    "browserName": "chrome",
  },
  "sessionId": "foobar",
}
`;
